MY_HEADER
#
\_work_/tp/xph2sei/xph2sei403/MiniProjet/fpga/synth/../../rtl/neuron/neuron_data.sv_unit 
\_work_/tp/xph2sei/xph2sei403/MiniProjet/fpga/synth/../../rtl/sync_lib/w_res.sv_unit 
\_work_/tp/xph2sei/xph2sei403/MiniProjet/fpga/synth/../../rtl/sync_lib/demux.sv_unit 
\_work_/tp/xph2sei/xph2sei403/MiniProjet/fpga/synth/../../rtl/sync_lib/mux.sv_unit 
\_work_/tp/xph2sei/xph2sei403/MiniProjet/fpga/synth/../../rtl/sync_lib/register.sv_unit 
\_work_/tp/xph2sei/xph2sei403/MiniProjet/fpga/synth/../../rtl/async_lib/arbiter_2b.sv_unit 
\_work_/tp/xph2sei/xph2sei403/MiniProjet/fpga/synth/../../rtl/async_lib/arbiter_2b_rev2.sv_unit 
\_work_/tp/xph2sei/xph2sei403/MiniProjet/fpga/synth/../../rtl/async_lib/arbiter_2b_rev3.sv_unit 
\_work_/tp/xph2sei/xph2sei403/MiniProjet/fpga/synth/../../rtl/async_lib/arbiter_cascade.sv_unit 
\_work_/tp/xph2sei/xph2sei403/MiniProjet/fpga/synth/../../rtl/async_lib/ctrl.sv_unit 
\_work_/tp/xph2sei/xph2sei403/MiniProjet/fpga/synth/../../rtl/async_lib/ctrl_rst_on.sv_unit 
\_work_/tp/xph2sei/xph2sei403/MiniProjet/fpga/synth/../../rtl/async_lib/muller.sv_unit 
\_work_/tp/xph2sei/xph2sei403/MiniProjet/fpga/synth/../../rtl/async_lib/muller_rst_on.sv_unit 
\_work_/tp/xph2sei/xph2sei403/MiniProjet/fpga/synth/../../rtl/neuron/neuron_ctrl.sv_unit 
\_work_/tp/xph2sei/xph2sei403/MiniProjet/fpga/synth/../../rtl/async_lib/join_param.sv_unit 
\_work_/tp/xph2sei/xph2sei403/MiniProjet/fpga/synth/../../rtl/async_lib/fork_param.sv_unit 
\_work_/tp/xph2sei/xph2sei403/MiniProjet/fpga/synth/../../rtl/neuron/neuron.sv_unit 
